// Jest Snapshot v1, https://goo.gl/fbAQLP

exports[`EpisodeItem component should render episode details page 1`] = `
<div>
  <section
    id="episode-general-information"
  >
    <button
      id="back-to-show-button"
    >
      Back
    </button>
    <aside
      id="episode-main-image"
    >
      <figure>
        <img
          alt="Escape from Monster Island"
          src="static.tvmaze.com/uploads/images/medium_landscape/53/132617.jpg"
        />
      </figure>
    </aside>
    <article
      id="episode-description"
    >
      <h3>
        Escape from Monster Island
      </h3>
      <div>
        Bubbles wins two tickets to a concert and has to pick between Blossom and Buttercup to go with her. Meanwhile, the Mayor's plane goes down over Monster Island and it's up to the girls to rescue him.
      </div>
    </article>
  </section>
</div>
`;
