// Jest Snapshot v1, https://goo.gl/fbAQLP

exports[`ShowItem component should render show details page 1`] = `
<div>
  <section
    id="show-general-information"
  >
    <aside
      id="show-main-image"
    >
      <figure>
        <img
          alt="Escape from Monster Island"
          src="static.tvmaze.com/uploads/images/medium_landscape/53/132617.jpg"
        />
      </figure>
    </aside>
    <article
      id="show-description"
    >
      <h3>
        Escape from Monster Island
      </h3>
      <section
        class="show-data-blocks"
      >
        <article
          id="show-data-blocks-language"
        >
           
          Language: English
           
        </article>
        <article
          id="show-data-blocks-raiting"
        >
           
          Rating: 6
           
        </article>
      </section>
      <div>
        Bubbles wins two tickets to a concert and has to pick between Blossom and Buttercup to go with her. Meanwhile, the Mayor's plane goes down over Monster Island and it's up to the girls to rescue him.
      </div>
    </article>
  </section>
</div>
`;
